Module          Type  Count     Only(s)   Avg.(s)     Time(s)   Avg.(s)
DOUBLE_IT       (U)       2    0.000043  0.000021    0.000063  0.000032
INCREMENT_IT    (U)       2    0.000020  0.000010    0.000020  0.000010
MAIN            (U)       1    0.002215  0.002215    0.002308  0.002308
SQRT_IT         (U)       1    0.000029  0.000029    0.000076  0.000076